// Jest Snapshot v1, https://goo.gl/fbAQLP

exports[`ComboRouter renders correctly 1`] = `
<p>
  foo
</p>
`;
